1744126069839	geckodriver	INFO	Listening on 127.0.0.1:58239
1744126072906	mozrunner::runner	INFO	Running command: "C:\\Program Files\\Mozilla Firefox\\firefox.exe" "--marionette" "--width=1920" "--height=1080" "--remote-de ... 0" "--remote-allow-hosts" "localhost" "-no-remote" "-profile" "C:\\Users\\RISCO\\AppData\\Local\\Temp\\rust_mozprofile8y5zDI"
1744126099911	geckodriver	INFO	Listening on 127.0.0.1:58295
1744126102985	mozrunner::runner	INFO	Running command: "C:\\Program Files\\Mozilla Firefox\\firefox.exe" "--marionette" "--width=1920" "--height=1080" "--remote-de ... 6" "--remote-allow-hosts" "localhost" "-no-remote" "-profile" "C:\\Users\\RISCO\\AppData\\Local\\Temp\\rust_mozprofilehWY4ze"
console.warn: services.settings: Ignoring preference override of remote settings server
console.warn: services.settings: Allow by setting MOZ_REMOTE_SETTINGS_DEVTOOLS=1 in the environment
Dynamically enable window occlusion 0
1744126103794	Marionette	INFO	Marionette enabled
console.error: "Warning: unrecognized command line flag" "-width"
console.error: "Warning: unrecognized command line flag" "-height"
1744126104293	Marionette	INFO	Listening on port 58304
Read port: 58304
WebDriver BiDi listening on ws://127.0.0.1:58296
1744126104386	RemoteAgent	WARN	TLS certificate errors will be ignored for this session
console.error: services.settings: 
  main/query-stripping Signature failed  InvalidSignatureError: Invalid content signature (main/query-stripping) using 'remote-settings.content-signature.mozilla.org-2025-05-11-18-14-01.chain'
console.error: services.settings: 
  main/query-stripping local data was corrupted
console.warn: services.settings: main/query-stripping Signature verified failed. Retry from scratch
console.error: services.settings: 
  main/fingerprinting-protection-overrides Signature failed  InvalidSignatureError: Invalid content signature (main/fingerprinting-protection-overrides) using 'remote-settings.content-signature.mozilla.org-2025-05-11-18-14-01.chain'
console.error: services.settings: 
  main/fingerprinting-protection-overrides local data was corrupted
console.warn: services.settings: main/fingerprinting-protection-overrides Signature verified failed. Retry from scratch
console.error: services.settings: 
  main/query-stripping Signature failed again InvalidSignatureError: Invalid content signature (main/query-stripping) using 'remote-settings.content-signature.mozilla.org-2025-05-11-18-14-01.chain'
console.error: (new InvalidSignatureError("Invalid content signature (main/query-stripping) using 'remote-settings.content-signature.mozilla.org-2025-05-11-18-14-01.chain'", "resource://services-settings/RemoteSettingsClient.sys.mjs", 165))
console.error: services.settings: 
  main/fingerprinting-protection-overrides Signature failed again InvalidSignatureError: Invalid content signature (main/fingerprinting-protection-overrides) using 'remote-settings.content-signature.mozilla.org-2025-05-11-18-14-01.chain'
console.error: (new InvalidSignatureError("Invalid content signature (main/fingerprinting-protection-overrides) using 'remote-settings.content-signature.mozilla.org-2025-05-11-18-14-01.chain'", "resource://services-settings/RemoteSettingsClient.sys.mjs", 165))
DevTools listening on ws://127.0.0.1:58296/devtools/browser/e99c56b4-1270-4628-985d-41c36aa8472f
console.error: services.settings: 
  main/partitioning-exempt-urls Signature failed  InvalidSignatureError: Invalid content signature (main/partitioning-exempt-urls) using 'remote-settings.content-signature.mozilla.org-2025-05-11-18-14-01.chain'
console.error: services.settings: 
  main/partitioning-exempt-urls local data was corrupted
console.warn: services.settings: main/partitioning-exempt-urls Signature verified failed. Retry from scratch
console.error: services.settings: 
  main/partitioning-exempt-urls Signature failed again InvalidSignatureError: Invalid content signature (main/partitioning-exempt-urls) using 'remote-settings.content-signature.mozilla.org-2025-05-11-18-14-01.chain'
console.error: (new InvalidSignatureError("Invalid content signature (main/partitioning-exempt-urls) using 'remote-settings.content-signature.mozilla.org-2025-05-11-18-14-01.chain'", "resource://services-settings/RemoteSettingsClient.sys.mjs", 165))
JavaScript warning: https://static.xx.fbcdn.net/rsrc.php/v4ihVQ4/yM/l/es_ES~es_LA/F0A_DxAvhUT.js, line 36: WEBGL_debug_renderer_info is deprecated in Firefox and will be removed. Please use RENDERER.
1744126134608	addons.xpi	ERROR	System addon update list error SyntaxError: XMLHttpRequest.open: 'http://%(server)s/dummy-system-addons.xml' is not a valid URL.
console.error: services.settings: 
  main/search-config-icons Signature failed  InvalidSignatureError: Invalid content signature (main/search-config-icons) using 'remote-settings.content-signature.mozilla.org-2025-05-11-18-14-01.chain'
console.error: services.settings: 
  main/search-config-icons local data was corrupted
console.warn: services.settings: main/search-config-icons Signature verified failed. Retry from scratch
console.error: services.settings: 
  main/search-config-icons Signature failed again InvalidSignatureError: Invalid content signature (main/search-config-icons) using 'remote-settings.content-signature.mozilla.org-2025-05-11-18-14-01.chain'
console.error: services.settings: 
  Message: InvalidSignatureError: Invalid content signature (main/search-config-icons) using 'remote-settings.content-signature.mozilla.org-2025-05-11-18-14-01.chain'
  Stack:
    InvalidSignatureError@resource://services-settings/RemoteSettingsClient.sys.mjs:165:5
_validateCollectionSignature@resource://services-settings/RemoteSettingsClient.sys.mjs:1022:13

console.error: services.settings: 
  main/devtools-compatibility-browsers Signature failed  InvalidSignatureError: Invalid content signature (main/devtools-compatibility-browsers) using 'remote-settings.content-signature.mozilla.org-2025-05-11-18-14-01.chain'
console.error: services.settings: 
  main/devtools-compatibility-browsers local data was corrupted
console.warn: services.settings: main/devtools-compatibility-browsers Signature verified failed. Retry from scratch
console.error: services.settings: 
  main/devtools-compatibility-browsers Signature failed again InvalidSignatureError: Invalid content signature (main/devtools-compatibility-browsers) using 'remote-settings.content-signature.mozilla.org-2025-05-11-18-14-01.chain'
console.error: services.settings: 
  Message: InvalidSignatureError: Invalid content signature (main/devtools-compatibility-browsers) using 'remote-settings.content-signature.mozilla.org-2025-05-11-18-14-01.chain'
  Stack:
    InvalidSignatureError@resource://services-settings/RemoteSettingsClient.sys.mjs:165:5
_validateCollectionSignature@resource://services-settings/RemoteSettingsClient.sys.mjs:1022:13

console.error: services.settings: 
  main/password-rules Signature failed  InvalidSignatureError: Invalid content signature (main/password-rules) using 'remote-settings.content-signature.mozilla.org-2025-05-11-18-14-01.chain'
console.error: services.settings: 
  main/password-rules local data was corrupted
console.warn: services.settings: main/password-rules Signature verified failed. Retry from scratch
console.error: services.settings: 
  main/password-rules Signature failed again InvalidSignatureError: Invalid content signature (main/password-rules) using 'remote-settings.content-signature.mozilla.org-2025-05-11-18-14-01.chain'
console.error: services.settings: 
  Message: InvalidSignatureError: Invalid content signature (main/password-rules) using 'remote-settings.content-signature.mozilla.org-2025-05-11-18-14-01.chain'
  Stack:
    InvalidSignatureError@resource://services-settings/RemoteSettingsClient.sys.mjs:165:5
_validateCollectionSignature@resource://services-settings/RemoteSettingsClient.sys.mjs:1022:13

console.error: services.settings: 
  main/translations-models Signature failed  InvalidSignatureError: Invalid content signature (main/translations-models) using 'remote-settings.content-signature.mozilla.org-2025-05-11-18-14-01.chain'
console.error: services.settings: 
  main/translations-models local data was corrupted
console.warn: services.settings: main/translations-models Signature verified failed. Retry from scratch
console.error: services.settings: 
  main/translations-models Signature failed again InvalidSignatureError: Invalid content signature (main/translations-models) using 'remote-settings.content-signature.mozilla.org-2025-05-11-18-14-01.chain'
console.error: services.settings: 
  Message: InvalidSignatureError: Invalid content signature (main/translations-models) using 'remote-settings.content-signature.mozilla.org-2025-05-11-18-14-01.chain'
  Stack:
    InvalidSignatureError@resource://services-settings/RemoteSettingsClient.sys.mjs:165:5
_validateCollectionSignature@resource://services-settings/RemoteSettingsClient.sys.mjs:1022:13

console.error: services.settings: 
  main/search-config-v2 Signature failed  InvalidSignatureError: Invalid content signature (main/search-config-v2) using 'remote-settings.content-signature.mozilla.org-2025-05-11-18-14-01.chain'
console.error: services.settings: 
  main/search-config-v2 local data was corrupted
console.warn: services.settings: main/search-config-v2 Signature verified failed. Retry from scratch
console.error: services.settings: 
  main/search-config-v2 Signature failed again InvalidSignatureError: Invalid content signature (main/search-config-v2) using 'remote-settings.content-signature.mozilla.org-2025-05-11-18-14-01.chain'
console.error: services.settings: 
  Message: InvalidSignatureError: Invalid content signature (main/search-config-v2) using 'remote-settings.content-signature.mozilla.org-2025-05-11-18-14-01.chain'
  Stack:
    InvalidSignatureError@resource://services-settings/RemoteSettingsClient.sys.mjs:165:5
_validateCollectionSignature@resource://services-settings/RemoteSettingsClient.sys.mjs:1022:13

console.error: services.settings: 
  main/search-telemetry-v2 Signature failed  InvalidSignatureError: Invalid content signature (main/search-telemetry-v2) using 'remote-settings.content-signature.mozilla.org-2025-05-11-18-14-01.chain'
console.error: services.settings: 
  main/search-telemetry-v2 local data was corrupted
console.warn: services.settings: main/search-telemetry-v2 Signature verified failed. Retry from scratch
console.error: services.settings: 
  main/search-telemetry-v2 Signature failed again InvalidSignatureError: Invalid content signature (main/search-telemetry-v2) using 'remote-settings.content-signature.mozilla.org-2025-05-11-18-14-01.chain'
console.error: services.settings: 
  Message: InvalidSignatureError: Invalid content signature (main/search-telemetry-v2) using 'remote-settings.content-signature.mozilla.org-2025-05-11-18-14-01.chain'
  Stack:
    InvalidSignatureError@resource://services-settings/RemoteSettingsClient.sys.mjs:165:5
_validateCollectionSignature@resource://services-settings/RemoteSettingsClient.sys.mjs:1022:13

console.error: services.settings: 
  blocklists/addons-bloomfilters Signature failed  InvalidSignatureError: Invalid content signature (blocklists/addons-bloomfilters) using 'remote-settings.content-signature.mozilla.org-2025-05-11-18-14-01.chain'
console.error: services.settings: 
  blocklists/addons-bloomfilters local data was corrupted
console.warn: services.settings: blocklists/addons-bloomfilters Signature verified failed. Retry from scratch
console.error: services.settings: 
  blocklists/addons-bloomfilters Signature failed again InvalidSignatureError: Invalid content signature (blocklists/addons-bloomfilters) using 'remote-settings.content-signature.mozilla.org-2025-05-11-18-14-01.chain'
console.error: services.settings: 
  Message: InvalidSignatureError: Invalid content signature (blocklists/addons-bloomfilters) using 'remote-settings.content-signature.mozilla.org-2025-05-11-18-14-01.chain'
  Stack:
    InvalidSignatureError@resource://services-settings/RemoteSettingsClient.sys.mjs:165:5
_validateCollectionSignature@resource://services-settings/RemoteSettingsClient.sys.mjs:1022:13

console.error: services.settings: 
  main/top-sites Signature failed  InvalidSignatureError: Invalid content signature (main/top-sites) using 'remote-settings.content-signature.mozilla.org-2025-05-11-18-14-01.chain'
console.error: services.settings: 
  main/top-sites local data was corrupted
console.warn: services.settings: main/top-sites Signature verified failed. Retry from scratch
console.error: services.settings: 
  main/top-sites Signature failed again InvalidSignatureError: Invalid content signature (main/top-sites) using 'remote-settings.content-signature.mozilla.org-2025-05-11-18-14-01.chain'
console.error: services.settings: 
  Message: InvalidSignatureError: Invalid content signature (main/top-sites) using 'remote-settings.content-signature.mozilla.org-2025-05-11-18-14-01.chain'
  Stack:
    InvalidSignatureError@resource://services-settings/RemoteSettingsClient.sys.mjs:165:5
_validateCollectionSignature@resource://services-settings/RemoteSettingsClient.sys.mjs:1022:13

console.error: services.settings: 
  main/url-classifier-skip-urls Signature failed  InvalidSignatureError: Invalid content signature (main/url-classifier-skip-urls) using 'remote-settings.content-signature.mozilla.org-2025-05-11-18-14-01.chain'
console.error: services.settings: 
  main/url-classifier-skip-urls local data was corrupted
console.warn: services.settings: main/url-classifier-skip-urls Signature verified failed. Retry from scratch
console.error: services.settings: 
  main/url-classifier-skip-urls Signature failed again InvalidSignatureError: Invalid content signature (main/url-classifier-skip-urls) using 'remote-settings.content-signature.mozilla.org-2025-05-11-18-14-01.chain'
console.error: services.settings: 
  Message: InvalidSignatureError: Invalid content signature (main/url-classifier-skip-urls) using 'remote-settings.content-signature.mozilla.org-2025-05-11-18-14-01.chain'
  Stack:
    InvalidSignatureError@resource://services-settings/RemoteSettingsClient.sys.mjs:165:5
_validateCollectionSignature@resource://services-settings/RemoteSettingsClient.sys.mjs:1022:13

console.error: services.settings: 
  main/websites-with-shared-credential-backends Signature failed  InvalidSignatureError: Invalid content signature (main/websites-with-shared-credential-backends) using 'remote-settings.content-signature.mozilla.org-2025-05-11-18-14-01.chain'
console.error: services.settings: 
  main/websites-with-shared-credential-backends local data was corrupted
console.warn: services.settings: main/websites-with-shared-credential-backends Signature verified failed. Retry from scratch
console.error: services.settings: 
  main/websites-with-shared-credential-backends Signature failed again InvalidSignatureError: Invalid content signature (main/websites-with-shared-credential-backends) using 'remote-settings.content-signature.mozilla.org-2025-05-11-18-14-01.chain'
console.error: services.settings: 
  Message: InvalidSignatureError: Invalid content signature (main/websites-with-shared-credential-backends) using 'remote-settings.content-signature.mozilla.org-2025-05-11-18-14-01.chain'
  Stack:
    InvalidSignatureError@resource://services-settings/RemoteSettingsClient.sys.mjs:165:5
_validateCollectionSignature@resource://services-settings/RemoteSettingsClient.sys.mjs:1022:13

console.error: services.settings: 
  main/partitioning-exempt-urls Signature failed  InvalidSignatureError: Invalid content signature (main/partitioning-exempt-urls) using 'remote-settings.content-signature.mozilla.org-2025-05-11-18-14-01.chain'
console.error: services.settings: 
  main/partitioning-exempt-urls local data was corrupted
console.warn: services.settings: main/partitioning-exempt-urls Signature verified failed. Retry from scratch
console.error: services.settings: 
  main/partitioning-exempt-urls Signature failed again InvalidSignatureError: Invalid content signature (main/partitioning-exempt-urls) using 'remote-settings.content-signature.mozilla.org-2025-05-11-18-14-01.chain'
console.error: services.settings: 
  Message: InvalidSignatureError: Invalid content signature (main/partitioning-exempt-urls) using 'remote-settings.content-signature.mozilla.org-2025-05-11-18-14-01.chain'
  Stack:
    InvalidSignatureError@resource://services-settings/RemoteSettingsClient.sys.mjs:165:5
_validateCollectionSignature@resource://services-settings/RemoteSettingsClient.sys.mjs:1022:13

console.error: services.settings: 
  main/normandy-recipes-capabilities Signature failed  InvalidSignatureError: Invalid content signature (main/normandy-recipes-capabilities) using 'remote-settings.content-signature.mozilla.org-2025-05-11-18-14-01.chain'
console.error: services.settings: 
  main/normandy-recipes-capabilities local data was corrupted
console.warn: services.settings: main/normandy-recipes-capabilities Signature verified failed. Retry from scratch
console.error: services.settings: 
  main/normandy-recipes-capabilities Signature failed again InvalidSignatureError: Invalid content signature (main/normandy-recipes-capabilities) using 'remote-settings.content-signature.mozilla.org-2025-05-11-18-14-01.chain'
console.error: services.settings: 
  Message: InvalidSignatureError: Invalid content signature (main/normandy-recipes-capabilities) using 'remote-settings.content-signature.mozilla.org-2025-05-11-18-14-01.chain'
  Stack:
    InvalidSignatureError@resource://services-settings/RemoteSettingsClient.sys.mjs:165:5
_validateCollectionSignature@resource://services-settings/RemoteSettingsClient.sys.mjs:1022:13

console.error: services.settings: 
  main/translations-wasm Signature failed  InvalidSignatureError: Invalid content signature (main/translations-wasm) using 'remote-settings.content-signature.mozilla.org-2025-05-11-18-14-01.chain'
console.error: services.settings: 
  main/translations-wasm local data was corrupted
console.warn: services.settings: main/translations-wasm Signature verified failed. Retry from scratch
console.error: services.settings: 
  main/translations-wasm Signature failed again InvalidSignatureError: Invalid content signature (main/translations-wasm) using 'remote-settings.content-signature.mozilla.org-2025-05-11-18-14-01.chain'
console.error: services.settings: 
  Message: InvalidSignatureError: Invalid content signature (main/translations-wasm) using 'remote-settings.content-signature.mozilla.org-2025-05-11-18-14-01.chain'
  Stack:
    InvalidSignatureError@resource://services-settings/RemoteSettingsClient.sys.mjs:165:5
_validateCollectionSignature@resource://services-settings/RemoteSettingsClient.sys.mjs:1022:13

console.error: services.settings: 
  blocklists/gfx Signature failed  InvalidSignatureError: Invalid content signature (blocklists/gfx) using 'remote-settings.content-signature.mozilla.org-2025-05-11-18-14-01.chain'
console.error: services.settings: 
  blocklists/gfx local data was corrupted
console.warn: services.settings: blocklists/gfx Signature verified failed. Retry from scratch
console.error: services.settings: 
  blocklists/gfx Signature failed again InvalidSignatureError: Invalid content signature (blocklists/gfx) using 'remote-settings.content-signature.mozilla.org-2025-05-11-18-14-01.chain'
console.error: services.settings: 
  Message: InvalidSignatureError: Invalid content signature (blocklists/gfx) using 'remote-settings.content-signature.mozilla.org-2025-05-11-18-14-01.chain'
  Stack:
    InvalidSignatureError@resource://services-settings/RemoteSettingsClient.sys.mjs:165:5
_validateCollectionSignature@resource://services-settings/RemoteSettingsClient.sys.mjs:1022:13

console.error: services.settings: 
  main/cookie-banner-rules-list Signature failed  InvalidSignatureError: Invalid content signature (main/cookie-banner-rules-list) using 'remote-settings.content-signature.mozilla.org-2025-05-11-18-14-01.chain'
console.error: services.settings: 
  main/cookie-banner-rules-list local data was corrupted
console.warn: services.settings: main/cookie-banner-rules-list Signature verified failed. Retry from scratch
console.error: services.settings: 
  main/cookie-banner-rules-list Signature failed again InvalidSignatureError: Invalid content signature (main/cookie-banner-rules-list) using 'remote-settings.content-signature.mozilla.org-2025-05-11-18-14-01.chain'
console.error: services.settings: 
  Message: InvalidSignatureError: Invalid content signature (main/cookie-banner-rules-list) using 'remote-settings.content-signature.mozilla.org-2025-05-11-18-14-01.chain'
  Stack:
    InvalidSignatureError@resource://services-settings/RemoteSettingsClient.sys.mjs:165:5
_validateCollectionSignature@resource://services-settings/RemoteSettingsClient.sys.mjs:1022:13

console.error: services.settings: 
  main/search-default-override-allowlist Signature failed  InvalidSignatureError: Invalid content signature (main/search-default-override-allowlist) using 'remote-settings.content-signature.mozilla.org-2025-05-11-18-14-01.chain'
console.error: services.settings: 
  main/search-default-override-allowlist local data was corrupted
console.warn: services.settings: main/search-default-override-allowlist Signature verified failed. Retry from scratch
console.error: services.settings: 
  main/search-default-override-allowlist Signature failed again InvalidSignatureError: Invalid content signature (main/search-default-override-allowlist) using 'remote-settings.content-signature.mozilla.org-2025-05-11-18-14-01.chain'
console.error: services.settings: 
  Message: InvalidSignatureError: Invalid content signature (main/search-default-override-allowlist) using 'remote-settings.content-signature.mozilla.org-2025-05-11-18-14-01.chain'
  Stack:
    InvalidSignatureError@resource://services-settings/RemoteSettingsClient.sys.mjs:165:5
_validateCollectionSignature@resource://services-settings/RemoteSettingsClient.sys.mjs:1022:13

console.error: services.settings: 
  main/fingerprinting-protection-overrides Signature failed  InvalidSignatureError: Invalid content signature (main/fingerprinting-protection-overrides) using 'remote-settings.content-signature.mozilla.org-2025-05-11-18-14-01.chain'
console.error: services.settings: 
  main/fingerprinting-protection-overrides local data was corrupted
console.warn: services.settings: main/fingerprinting-protection-overrides Signature verified failed. Retry from scratch
console.error: services.settings: 
  main/fingerprinting-protection-overrides Signature failed again InvalidSignatureError: Invalid content signature (main/fingerprinting-protection-overrides) using 'remote-settings.content-signature.mozilla.org-2025-05-11-18-14-01.chain'
console.error: services.settings: 
  Message: InvalidSignatureError: Invalid content signature (main/fingerprinting-protection-overrides) using 'remote-settings.content-signature.mozilla.org-2025-05-11-18-14-01.chain'
  Stack:
    InvalidSignatureError@resource://services-settings/RemoteSettingsClient.sys.mjs:165:5
_validateCollectionSignature@resource://services-settings/RemoteSettingsClient.sys.mjs:1022:13

console.warn: services.settings: main/search-config Signature verified failed. Retry from scratch
console.error: services.settings: 
  main/search-config Signature failed again InvalidSignatureError: Invalid content signature (main/search-config) using 'remote-settings.content-signature.mozilla.org-2025-05-11-18-14-01.chain'
console.error: services.settings: 
  Message: InvalidSignatureError: Invalid content signature (main/search-config) using 'remote-settings.content-signature.mozilla.org-2025-05-11-18-14-01.chain'
  Stack:
    InvalidSignatureError@resource://services-settings/RemoteSettingsClient.sys.mjs:165:5
_validateCollectionSignature@resource://services-settings/RemoteSettingsClient.sys.mjs:1022:13

console.warn: services.settings: main/search-config-overrides Signature verified failed. Retry from scratch
console.error: services.settings: 
  main/search-config-overrides Signature failed again InvalidSignatureError: Invalid content signature (main/search-config-overrides) using 'remote-settings.content-signature.mozilla.org-2025-05-11-18-14-01.chain'
console.error: services.settings: 
  Message: InvalidSignatureError: Invalid content signature (main/search-config-overrides) using 'remote-settings.content-signature.mozilla.org-2025-05-11-18-14-01.chain'
  Stack:
    InvalidSignatureError@resource://services-settings/RemoteSettingsClient.sys.mjs:165:5
_validateCollectionSignature@resource://services-settings/RemoteSettingsClient.sys.mjs:1022:13

console.error: services.settings: 
  main/query-stripping Signature failed  InvalidSignatureError: Invalid content signature (main/query-stripping) using 'remote-settings.content-signature.mozilla.org-2025-05-11-18-14-01.chain'
console.error: services.settings: 
  main/query-stripping local data was corrupted
console.warn: services.settings: main/query-stripping Signature verified failed. Retry from scratch
console.error: services.settings: 
  main/query-stripping Signature failed again InvalidSignatureError: Invalid content signature (main/query-stripping) using 'remote-settings.content-signature.mozilla.org-2025-05-11-18-14-01.chain'
console.error: services.settings: 
  Message: InvalidSignatureError: Invalid content signature (main/query-stripping) using 'remote-settings.content-signature.mozilla.org-2025-05-11-18-14-01.chain'
  Stack:
    InvalidSignatureError@resource://services-settings/RemoteSettingsClient.sys.mjs:165:5
_validateCollectionSignature@resource://services-settings/RemoteSettingsClient.sys.mjs:1022:13

console.error: services.settings: 
  main/addons-manager-settings Signature failed  InvalidSignatureError: Invalid content signature (main/addons-manager-settings) using 'remote-settings.content-signature.mozilla.org-2025-05-11-18-14-01.chain'
console.error: services.settings: 
  main/addons-manager-settings local data was corrupted
console.warn: services.settings: main/addons-manager-settings Signature verified failed. Retry from scratch
console.error: services.settings: 
  main/addons-manager-settings Signature failed again InvalidSignatureError: Invalid content signature (main/addons-manager-settings) using 'remote-settings.content-signature.mozilla.org-2025-05-11-18-14-01.chain'
console.error: services.settings: 
  Message: InvalidSignatureError: Invalid content signature (main/addons-manager-settings) using 'remote-settings.content-signature.mozilla.org-2025-05-11-18-14-01.chain'
  Stack:
    InvalidSignatureError@resource://services-settings/RemoteSettingsClient.sys.mjs:165:5
_validateCollectionSignature@resource://services-settings/RemoteSettingsClient.sys.mjs:1022:13

console.error: services.settings: 
  main/doh-config Signature failed  InvalidSignatureError: Invalid content signature (main/doh-config) using 'remote-settings.content-signature.mozilla.org-2025-05-11-18-14-01.chain'
console.error: services.settings: 
  main/doh-config local data was corrupted
console.warn: services.settings: main/doh-config Signature verified failed. Retry from scratch
console.error: services.settings: 
  main/doh-config Signature failed again InvalidSignatureError: Invalid content signature (main/doh-config) using 'remote-settings.content-signature.mozilla.org-2025-05-11-18-14-01.chain'
console.error: services.settings: 
  Message: InvalidSignatureError: Invalid content signature (main/doh-config) using 'remote-settings.content-signature.mozilla.org-2025-05-11-18-14-01.chain'
  Stack:
    InvalidSignatureError@resource://services-settings/RemoteSettingsClient.sys.mjs:165:5
_validateCollectionSignature@resource://services-settings/RemoteSettingsClient.sys.mjs:1022:13

console.error: services.settings: 
  main/doh-providers Signature failed  InvalidSignatureError: Invalid content signature (main/doh-providers) using 'remote-settings.content-signature.mozilla.org-2025-05-11-18-14-01.chain'
console.error: services.settings: 
  main/doh-providers local data was corrupted
console.warn: services.settings: main/doh-providers Signature verified failed. Retry from scratch
console.warn: LoginRecipes: "Falling back to a synchronous message for: https://www.facebook.com."
console.error: services.settings: 
  main/doh-providers Signature failed again InvalidSignatureError: Invalid content signature (main/doh-providers) using 'remote-settings.content-signature.mozilla.org-2025-05-11-18-14-01.chain'
console.error: services.settings: 
  Message: InvalidSignatureError: Invalid content signature (main/doh-providers) using 'remote-settings.content-signature.mozilla.org-2025-05-11-18-14-01.chain'
  Stack:
    InvalidSignatureError@resource://services-settings/RemoteSettingsClient.sys.mjs:165:5
_validateCollectionSignature@resource://services-settings/RemoteSettingsClient.sys.mjs:1022:13

console.error: services.settings: 
  main/pioneer-study-addons-v1 Signature failed  InvalidSignatureError: Invalid content signature (main/pioneer-study-addons-v1) using 'remote-settings.content-signature.mozilla.org-2025-05-11-18-14-01.chain'
console.error: services.settings: 
  main/pioneer-study-addons-v1 local data was corrupted
console.warn: services.settings: main/pioneer-study-addons-v1 Signature verified failed. Retry from scratch
console.error: services.settings: 
  main/pioneer-study-addons-v1 Signature failed again InvalidSignatureError: Invalid content signature (main/pioneer-study-addons-v1) using 'remote-settings.content-signature.mozilla.org-2025-05-11-18-14-01.chain'
console.error: services.settings: 
  Message: InvalidSignatureError: Invalid content signature (main/pioneer-study-addons-v1) using 'remote-settings.content-signature.mozilla.org-2025-05-11-18-14-01.chain'
  Stack:
    InvalidSignatureError@resource://services-settings/RemoteSettingsClient.sys.mjs:165:5
_validateCollectionSignature@resource://services-settings/RemoteSettingsClient.sys.mjs:1022:13

console.warn: services.settings: main/hijack-blocklists Signature verified failed. Retry from scratch
console.error: services.settings: 
  main/hijack-blocklists Signature failed again InvalidSignatureError: Invalid content signature (main/hijack-blocklists) using 'remote-settings.content-signature.mozilla.org-2025-05-11-18-14-01.chain'
console.error: services.settings: 
  Message: InvalidSignatureError: Invalid content signature (main/hijack-blocklists) using 'remote-settings.content-signature.mozilla.org-2025-05-11-18-14-01.chain'
  Stack:
    InvalidSignatureError@resource://services-settings/RemoteSettingsClient.sys.mjs:165:5
_validateCollectionSignature@resource://services-settings/RemoteSettingsClient.sys.mjs:1022:13

console.warn: services.settings: main/anti-tracking-url-decoration Signature verified failed. Retry from scratch
console.error: services.settings: 
  main/anti-tracking-url-decoration Signature failed again InvalidSignatureError: Invalid content signature (main/anti-tracking-url-decoration) using 'remote-settings.content-signature.mozilla.org-2025-05-11-18-14-01.chain'
console.error: services.settings: 
  Message: InvalidSignatureError: Invalid content signature (main/anti-tracking-url-decoration) using 'remote-settings.content-signature.mozilla.org-2025-05-11-18-14-01.chain'
  Stack:
    InvalidSignatureError@resource://services-settings/RemoteSettingsClient.sys.mjs:165:5
_validateCollectionSignature@resource://services-settings/RemoteSettingsClient.sys.mjs:1022:13

console.error: (new InvalidSignatureError("Invalid content signature (main/search-config-icons) using 'remote-settings.content-signature.mozilla.org-2025-05-11-18-14-01.chain'", "resource://services-settings/RemoteSettingsClient.sys.mjs", 165))
JavaScript warning: https://static.xx.fbcdn.net/rsrc.php/v4iEZX4/yP/l/rt/2r-4oddCu6MA18HeHdm2fXZloNCzGjoQgebPGwKpaZY6U5e9s45lJz5Nn0as7a2D_3JMeJYcJilPRza-txeHoMmwYcxm6drqQnBYannlW3WtOBRUzCJFiG7i8SL3u0Le5WbWgtlo_5wIl8eRLJnmkyFdu3aCkAxl4CCdo73eHkvxToPBit4n9LnDU3CzO7v-PZHM9NKvNozPcv0rqPQDYb3BHTnyISnfg0TZbcM9_XFpMk-6j3SqiSDdaBBbIbSgjRHieK3h8oRYbyGyyO25H8V910qItU-lwzBlyYCAK4rj19QBaRHp8YVzPqbJOsCIvPSEPAP_UU.js, line 1223: WEBGL_debug_renderer_info is deprecated in Firefox and will be removed. Please use RENDERER.
1744132606553	Marionette	INFO	Stopped listening on port 58304
Dynamically enable window occlusion 1
